#-----------------------------------------------------------
# Vivado v2019.1 (64-bit)
# SW Build 2552052 on Fri May 24 14:49:42 MDT 2019
# IP Build 2548770 on Fri May 24 18:01:18 MDT 2019
# Start of session at: Tue Apr 18 17:44:48 2023
# Process ID: 3176
# Current directory: C:/Users/sdli/AppData/Roaming/Xilinx/Vivado
# Command line: vivado.exe -gui_launcher_event rodinguilauncherevent11188
# Log file: C:/Users/sdli/AppData/Roaming/Xilinx/Vivado/vivado.log
# Journal file: C:/Users/sdli/AppData/Roaming/Xilinx/Vivado\vivado.jou
#-----------------------------------------------------------sstart_guiopen_project C:/Users/sdli/Downloads/Lab03-1.xpr/Lab03/Lab03.xpr
update_compile_order -fileset sources_1
reset_run synth_1
launch_runs impl_1 -jobs 2
wait_on_run impl_1
launch_runs impl_1 -to_step write_bitstream -jobs 2
wait_on_run impl_1
open_hw
connect_hw_server
open_hw_target
set_property PROGRAM.FILE {C:/Users/sdli/Downloads/Lab03-1.xpr/Lab03/Lab03.runs/impl_1/TopMod.bit} [get_hw_devices xc7a35t_0]
current_hw_device [get_hw_devices xc7a35t_0]
refresh_hw_device -update_hw_probes false [lindex [get_hw_devices xc7a35t_0] 0]
set_property PROBES.FILE {} [get_hw_devices xc7a35t_0]
set_property FULL_PROBES.FILE {} [get_hw_devices xc7a35t_0]
set_property PROGRAM.FILE {C:/Users/sdli/Downloads/Lab03-1.xpr/Lab03/Lab03.runs/impl_1/TopMod.bit} [get_hw_devices xc7a35t_0]
program_hw_devices [get_hw_devices xc7a35t_0]
refresh_hw_device [lindex [get_hw_devices xc7a35t_0] 0]
close_hw
launch_simulation
source test_add.tcl
step
run 500 ns
run 500 ns
run 500 ns
run 500 ns
run 500 ns
run 500 ns
run 500 ns
run 500 ns
run 500 ns
run 500 ns
run 500 ns
run 500 ns
run 1 us
relaunch_sim
run 1 us
run 1 us
run 1 us
run 1 us
run 1 us
run 1 us
relaunch_sim
run 1 us
run 1 us
run 1 us
run 1 us
run 1 us
run 1 us
run 1 us
run 1 us
run 1 us
run 1 us
run 1 us
relaunch_sim
run 1 us
run 1 us
run 1 us
run 1 us
run 1 us
run 1 us
run 1 us
relaunch_sim
run 1 us
run 1 us
run 1 us
run 1 us
run 1 us
run 1 us
run 1 us
run 1 us
relaunch_sim
run 1 us
run 1 us
run 1 us
run 1 us
run 1 us
run 1 us
run 1 us
run 1 us
run 1 us
run 1 us
run 1 us
relaunch_sim
run 1 us
run 1 us
run 1 us
run 1 us
run 1 us
run 1 us
run 1 us
run 1 us
relaunch_sim
run 1 us
run 1 us
run 1 us
run 1 us
run 1 us
run 1 us
relaunch_sim
run 1 us
run 1 us
run 1 us
run 1 us
run 1 us
reset_run synth_1
launch_runs impl_1 -jobs 2
wait_on_run impl_1
open_run impl_1
launch_runs impl_1 -to_step write_bitstream -jobs 2
wait_on_run impl_1
open_hw
connect_hw_server
open_hw_target
set_property PROGRAM.FILE {C:/Users/sdli/Downloads/Lab03-1.xpr/Lab03/Lab03.runs/impl_1/TopMod.bit} [get_hw_devices xc7a35t_0]
current_hw_device [get_hw_devices xc7a35t_0]
refresh_hw_device -update_hw_probes false [lindex [get_hw_devices xc7a35t_0] 0]
set_property PROBES.FILE {} [get_hw_devices xc7a35t_0]
set_property FULL_PROBES.FILE {} [get_hw_devices xc7a35t_0]
set_property PROGRAM.FILE {C:/Users/sdli/Downloads/Lab03-1.xpr/Lab03/Lab03.runs/impl_1/TopMod.bit} [get_hw_devices xc7a35t_0]
program_hw_devices [get_hw_devices xc7a35t_0]
refresh_hw_device [lindex [get_hw_devices xc7a35t_0] 0]
close_sim
launch_simulation
close_hw
launch_simulation
launch_simulation
source test_add.tcl
run 1 us
run 1 us
run 1 us
run 1 us
run 1 us
run 1 us
run 1 us
relaunch_sim
run 1 us
run 1 us
run 1 us
run 1 us
run 1 us
run 1 us
run 1 us
relaunch_sim
run 1 us
run 1 us
run 1 us
run 1 us
run 1 us
run 1 us
run 1 us
relaunch_sim
run 1 us
run 1 us
run 1 us
run 1 us
run 1 us
run 1 us
run 1 us
run 1 us
relaunch_sim
run 1 us
run 1 us
run 1 us
run 1 us
run 1 us
run 1 us
run 1 us
relaunch_sim
run 1 us
run 1 us
run 1 us
run 1 us
run 1 us
run 1 us
relaunch_sim
run 1 us
run 1 us
run 1 us
run 1 us
run 1 us
run 1 us
run 1 us
relaunch_sim
run 1 us
run 1 us
run 10 us
relaunch_sim
run 10 us
relaunch_sim
run 10 us
relaunch_sim
run 10 us
run 10 us
relaunch_sim
run 10 us
relaunch_sim
run 10 us
run 10 us
relaunch_sim
run 10 us
run 10 us
relaunch_sim
run 10 us
run 10 us
relaunch_sim
run 10 us
run 10 us
run 10 us
relaunch_sim
run 10 us
relaunch_sim
reset_run synth_1
launch_runs impl_1 -to_step write_bitstream -jobs 4
wait_on_run impl_1
open_hw
connect_hw_server
open_hw_target
set_property PROGRAM.FILE {C:/Users/sdli/Downloads/Lab03-1.xpr/Lab03/Lab03.runs/impl_1/TopMod.bit} [get_hw_devices xc7a35t_0]
current_hw_device [get_hw_devices xc7a35t_0]
refresh_hw_device -update_hw_probes false [lindex [get_hw_devices xc7a35t_0] 0]
set_property PROBES.FILE {} [get_hw_devices xc7a35t_0]
set_property FULL_PROBES.FILE {} [get_hw_devices xc7a35t_0]
set_property PROGRAM.FILE {C:/Users/sdli/Downloads/Lab03-1.xpr/Lab03/Lab03.runs/impl_1/TopMod.bit} [get_hw_devices xc7a35t_0]
program_hw_devices [get_hw_devices xc7a35t_0]
refresh_hw_device [lindex [get_hw_devices xc7a35t_0] 0]
close_hw
reset_run impl_1
reset_run synth_1
launch_runs impl_1 -to_step write_bitstream -jobs 4
wait_on_run impl_1
reset_run impl_1 -prev_step 
reset_run synth_1
launch_runs impl_1 -to_step write_bitstream -jobs 4
wait_on_run impl_1
open_hw
connect_hw_server
open_hw_target
set_property PROGRAM.FILE {C:/Users/sdli/Downloads/Lab03-1.xpr/Lab03/Lab03.runs/impl_1/TopMod.bit} [get_hw_devices xc7a35t_0]
current_hw_device [get_hw_devices xc7a35t_0]
refresh_hw_device -update_hw_probes false [lindex [get_hw_devices xc7a35t_0] 0]
set_property PROBES.FILE {} [get_hw_devices xc7a35t_0]
set_property FULL_PROBES.FILE {} [get_hw_devices xc7a35t_0]
set_property PROGRAM.FILE {C:/Users/sdli/Downloads/Lab03-1.xpr/Lab03/Lab03.runs/impl_1/TopMod.bit} [get_hw_devices xc7a35t_0]
program_hw_devices [get_hw_devices xc7a35t_0]
refresh_hw_device [lindex [get_hw_devices xc7a35t_0] 0]
reset_run synth_1
launch_runs impl_1 -to_step write_bitstream -jobs 4
wait_on_run impl_1
set_property PROBES.FILE {} [get_hw_devices xc7a35t_0]
set_property FULL_PROBES.FILE {} [get_hw_devices xc7a35t_0]
set_property PROGRAM.FILE {C:/Users/sdli/Downloads/Lab03-1.xpr/Lab03/Lab03.runs/impl_1/TopMod.bit} [get_hw_devices xc7a35t_0]
program_hw_devices [get_hw_devices xc7a35t_0]
refresh_hw_device [lindex [get_hw_devices xc7a35t_0] 0]
archive_project C:/Users/sdli/Downloads/Lab03-1.xpr/Lab03.xpr.zip -temp_dir C:/Users/sdli/AppData/Roaming/Xilinx/Vivado/.Xil/Vivado-5116-BELSPC0027 -force -include_local_ip_cache
close_sim
open_project C:/Users/sdli/Downloads/Lab02-2.xpr/Lab02/Lab02.xpr
current_project Lab03
close_project
update_compile_order -fileset sources_1
archive_project C:/Users/sdli/Downloads/Lab02-2.xpr/Lab02.xpr.zip -temp_dir C:/Users/sdli/AppData/Roaming/Xilinx/Vivado/.Xil/Vivado-5116-BELSPC0027 -force -include_local_ip_cache
archive_project C:/Users/sdli/Downloads/Lab02.xpr.zip -temp_dir C:/Users/sdli/AppData/Roaming/Xilinx/Vivado/.Xil/Vivado-5116-BELSPC0027 -force -include_local_ip_cache
