#-----------------------------------------------------------
# Vivado v2019.1 (64-bit)
# SW Build 2552052 on Fri May 24 14:49:42 MDT 2019
# IP Build 2548770 on Fri May 24 18:01:18 MDT 2019
# Start of session at: Tue May  2 09:58:58 2023
# Process ID: 2492
# Current directory: C:/Users/sdli/AppData/Roaming/Xilinx/Vivado
# Command line: vivado.exe -gui_launcher_event rodinguilauncherevent9100
# Log file: C:/Users/sdli/AppData/Roaming/Xilinx/Vivado/vivado.log
# Journal file: C:/Users/sdli/AppData/Roaming/Xilinx/Vivado\vivado.jou
#-----------------------------------------------------------
start_gui
open_project C:/Users/sdli/Downloads/Lab04FINALFINAL.xpr/Lab04/Lab04.xpr
update_compile_order -fileset sources_1
reset_run synth_1
launch_runs impl_1 -to_step write_bitstream -jobs 2
wait_on_run impl_1
open_hw
connect_hw_server
open_hw_target
set_property PROGRAM.FILE {C:/Users/sdli/Downloads/Lab04FINALFINAL.xpr/Lab04/Lab04.runs/impl_1/TopMod.bit} [get_hw_devices xc7a35t_0]
current_hw_device [get_hw_devices xc7a35t_0]
refresh_hw_device -update_hw_probes false [lindex [get_hw_devices xc7a35t_0] 0]
set_property PROBES.FILE {} [get_hw_devices xc7a35t_0]
set_property FULL_PROBES.FILE {} [get_hw_devices xc7a35t_0]
set_property PROGRAM.FILE {C:/Users/sdli/Downloads/Lab04FINALFINAL.xpr/Lab04/Lab04.runs/impl_1/TopMod.bit} [get_hw_devices xc7a35t_0]
program_hw_devices [get_hw_devices xc7a35t_0]
refresh_hw_device [lindex [get_hw_devices xc7a35t_0] 0]
launch_simulation
open_wave_config C:/Users/sdli/Downloads/Lab04FINALFINAL.xpr/Lab04/Lab04.srcs/sim_1/imports/Downloads/Lab04.xpr/Lab04/stateMachineLab4_behav.wcfg
source prelab4.tcl
run 500 ns
relaunch_sim
run 500 ns
run 500 ns
run 500 ns
run 500 ns
run 500 ns
reset_run synth_1
launch_runs impl_1 -to_step write_bitstream -jobs 2
wait_on_run impl_1
set_property PROBES.FILE {} [get_hw_devices xc7a35t_0]
set_property FULL_PROBES.FILE {} [get_hw_devices xc7a35t_0]
set_property PROGRAM.FILE {C:/Users/sdli/Downloads/Lab04FINALFINAL.xpr/Lab04/Lab04.runs/impl_1/TopMod.bit} [get_hw_devices xc7a35t_0]
program_hw_devices [get_hw_devices xc7a35t_0]
refresh_hw_device [lindex [get_hw_devices xc7a35t_0] 0]
archive_project C:/Users/sdli/Downloads/Lab04WINNING.xpr.zip -temp_dir C:/Users/sdli/AppData/Roaming/Xilinx/Vivado/.Xil/Vivado-2492-BELSPC0025 -force -include_local_ip_cache
